apiVersion: networking.istio.io/v1alpha3
kind: Gateway
metadata:
  annotations:
    internal.istio.io/gateway-service: istio-ingressgateway.default.svc.domain.suffix,istio-ingressgateway.not-default.svc.domain.suffix,example.com
  creationTimestamp: null
  name: gateway-istio-autogenerated-k8s-gateway
  namespace: default
spec:
  servers:
  - hosts:
    - '*.domain.example'
    port:
      name: http-80-gateway-gateway-default
      number: 80
      protocol: HTTP
---
